F                                                                        [100%]
=================================== FAILURES ===================================
__________ test_bf16_bridge_preserves_rope_buffers_and_long_positions __________

models = (LlavaForConditionalGeneration(
  (vision_tower): CLIPVisionModel(
    (vision_model): CLIPVisionTransformer(
      (e...lm_head): Linear(in_features=32, out_features=64, bias=False)
), {'missing': [], 'tensor_count': 64, 'unexpected': []})
tmp_path = PosixPath('/tmp/pytest-of-ymj/pytest-15/test_bf16_bridge_preserves_rop0')

    def test_bf16_bridge_preserves_rope_buffers_and_long_positions(models, tmp_path):
        original, _, _ = models
        original.save_pretrained(tmp_path)
        hf = LlavaForConditionalGeneration.from_pretrained(tmp_path, torch_dtype=torch.bfloat16).eval()
        bridge, _ = load_checkpoint(tmp_path, dtype=torch.bfloat16, validate_production=False)
        hf_rope = hf.language_model.model.rotary_emb
        bridge_rope = bridge.model.rotary_emb
        assert hf_rope.inv_freq.dtype == torch.float32
>       torch.testing.assert_close(bridge_rope.inv_freq, hf_rope.inv_freq, rtol=0, atol=0)
E       AssertionError: The values for attribute 'dtype' do not match: torch.bfloat16 != torch.float32.

tests/test_model_bridge.py:178: AssertionError
=========================== short test summary info ============================
FAILED tests/test_model_bridge.py::test_bf16_bridge_preserves_rope_buffers_and_long_positions
1 failed in 26.98s
